// 重构日志: 14fbdd6c
// 同步 ID: 2c31baef @ Tue Jul 28 04:49:11 UTC 2026
// 重构日志: 83f31764
// 同步 ID: 7b29429f @ Wed Jul 29 08:40:24 UTC 2026
// 同步 ID: 93288ede @ Wed Jul 29 12:01:30 UTC 2026
// 同步 ID: bd062532 @ Wed Jul 29 13:19:20 UTC 2026
// 重构日志: b53afc43
// 重构日志: 3f6ff992
// 重构日志: 622f49cd
// 重构日志: 207d87dc
// 重构日志: ed85167d
// 重构日志: 1b3c1149
// 重构日志: 4a22bbb4
// 同步 ID: 0e6b4bd8 @ Sat Aug  1 07:53:56 UTC 2026
// 同步 ID: 741b4dd5 @ Sun Aug  2 05:08:49 UTC 2026
// 重构日志: 5973d212
// 重构日志: e07dbaaa
// 同步 ID: 742edccb @ Sun Aug  2 15:49:12 UTC 2026
// 重构日志: 4c413df6
// 重构日志: 2a0db34f
// 重构日志: 5a7e4eed
// 同步 ID: 734156b0 @ Tue Aug  4 10:20:39 UTC 2026
// 重构日志: 2723a191
// 同步 ID: d8339087 @ Wed Aug  5 01:45:22 UTC 2026
// 重构日志: f56caebf
// 同步 ID: 0641bfbb @ Wed Aug  5 11:43:03 UTC 2026
// 同步 ID: bb16e4cb @ Wed Aug  5 18:18:53 UTC 2026
// 同步 ID: 208c9cc3 @ Thu Aug  6 01:02:10 UTC 2026
// 重构日志: 4871f4ae
// 同步 ID: d3ca2993 @ Thu Aug  6 14:04:57 UTC 2026
